// Jest Snapshot v1, https://goo.gl/fbAQLP

exports[`Modal renderLine with data should render and not crash 1`] = `
<div
  className="line"
  data-testid="label123"
>
  <span
    className="label"
  >
    label123: 
  </span>
  <span
    className="data"
  >
    thisData123
  </span>
</div>
`;

exports[`Modal the main component render with data should render without crashing 1`] = `
<div
  className="Modal"
  data-testid="hint_modal"
>
  <div
    className="header"
  >
    <h3>
      Helpful Hint
    </h3>
    <button
      aria-label="button"
      className="toggle-button"
      data-testid="modal-close-button"
      onClick={[Function]}
      type="button"
    >
      <span
        role="img"
      >
        ❌
      </span>
    </button>
  </div>
  <div
    className="line"
    data-testid="text"
  >
    <span
      className="label"
    >
      Text: 
    </span>
    <span
      className="data"
    >
      Hola.
    </span>
  </div>
  <div
    className="line"
    data-testid="translation"
  >
    <span
      className="label"
    >
      Translation: 
    </span>
    <span
      className="data"
    >
      Hello.
    </span>
  </div>
  <div
    className="line"
    data-testid="full-text"
  >
    <span
      className="label"
    >
      Full Text: 
    </span>
    <span
      className="data"
    >
      original123
    </span>
  </div>
  <div
    className="line"
    data-testid="full-translation"
  >
    <span
      className="label"
    >
      Full Translation: 
    </span>
    <span
      className="data"
    >
      translation123
    </span>
  </div>
  <div
    className="line"
    data-testid="explanation"
  >
    <span
      className="label"
    >
      Explanation: 
    </span>
    <span
      className="data"
    >
      This is how we say hello,
    </span>
  </div>
</div>
`;
