// Jest Snapshot v1, https://goo.gl/fbAQLP

exports[`Paragraphs the main component render with data should match snapshot 1`] = `
Array [
  <Paragraph
    idx={0}
    paragraph="p1"
    readTime="readTime123"
    showModal="showModal123"
  />,
  <Paragraph
    idx={1}
    paragraph="p2"
    readTime="readTime123"
    showModal="showModal123"
  />,
  <Paragraph
    idx={2}
    paragraph="p3"
    readTime="readTime123"
    showModal="showModal123"
  />,
]
`;
